<html>
<body>
<pre>
<h1>µVision Build Log</h1>
<h2>Tool Versions:</h2>
IDE-Version: ¦ÌVision V5.18.0.0
Copyright (C) 2016 ARM Ltd and ARM Germany GmbH. All rights reserved.
License Information: Li Li, Li, LIC=VGXG8-3EDWG-MMV9I-TFIES-8MH3I-L395W
 
Tool Versions:
Toolchain:       MDK-ARM Standard  Version: 5.18
Toolchain Path:  E:\keil5 mdk\ARM\ARMCC\Bin
C Compiler:      Armcc.exe V5.06 update 1 (build 61)
Assembler:       Armasm.exe V5.06 update 1 (build 61)
Linker/Locator:  ArmLink.exe V5.06 update 1 (build 61)
Library Manager: ArmAr.exe V5.06 update 1 (build 61)
Hex Converter:   FromElf.exe V5.06 update 1 (build 61)
CPU DLL:         SARMCM3.DLL V5.18
Dialog DLL:      DCM.DLL V1.13.6.0
Target DLL:      STLink\ST-LINKIII-KEIL_SWO.dll V2.0.18.0
Dialog DLL:      TCM.DLL V1.14.8.0
 
<h2>Project:</h2>
C:\Users\Li\Desktop\STM32_COUNTER_PROJECT\2-1\project.uvprojx
Project File Date:  05/27/2026

<h2>Output:</h2>
*** Using Compiler 'V5.06 update 1 (build 61)', folder: 'E:\keil5 mdk\ARM\ARMCC\Bin'
Rebuild target 'Target 1'
compiling stm32f10x_exti.c...
compiling stm32f10x_gpio.c...
compiling stm32f10x_adc.c...
compiling stm32f10x_fsmc.c...
compiling stm32f10x_cec.c...
compiling misc.c...
compiling stm32f10x_dbgmcu.c...
compiling stm32f10x_crc.c...
compiling stm32f10x_bkp.c...
compiling stm32f10x_dma.c...
compiling stm32f10x_iwdg.c...
compiling stm32f10x_i2c.c...
compiling stm32f10x_dac.c...
compiling stm32f10x_can.c...
compiling stm32f10x_flash.c...
compiling stm32f10x_pwr.c...
compiling stm32f10x_rtc.c...
compiling stm32f10x_rcc.c...
compiling stm32f10x_sdio.c...
compiling stm32f10x_spi.c...
compiling stm32f10x_wwdg.c...
compiling stm32f10x_usart.c...
compiling Key.c...
compiling LED.c...
compiling Buzzer.c...
compiling LightSensor.c...
compiling OLED.c...
compiling stm32f10x_tim.c...
compiling CountSensor.c...
compiling PWM.c...
compiling Servo.c...
compiling NEW_LED.c...
assembling startup_stm32f10x_md.s...
compiling IC.c...
compiling Encoder.c...
compiling NEW_Encoder.c...
compiling main.c...
compiling AD.c...
compiling New_AD.c...
compiling core_cm3.c...
compiling Motor.c...
compiling Delay.c...
compiling InternalTimer.c...
compiling ExternalTimer.c...
compiling system_stm32f10x.c...
compiling Timer.c...
compiling stm32f10x_it.c...
compiling app_time.c...
compiling app_key.c...
compiling app.c...
linking...
Program Size: Code=5280 RO-data=1788 RW-data=56 ZI-data=1632  
".\Objects\project.axf" - 0 Error(s), 0 Warning(s).

<h2>Collection of Component include folders:</h2>
  C:\Users\Li\Desktop\STM32_COUNTER_PROJECT\2-1\RTE
  E:\keil5 mdk\ARM\PACK\Keil\STM32F1xx_DFP\2.2.0\Device\Include

<h2>Collection of Component Files used:</h2>
Build Time Elapsed:  00:00:02
</pre>
</body>
</html>
